[speakupscholarsorg.wixsite.com/speakup-scholars.html]
[static.parastorage.com/unpkg/core-js-bundle@3.2.1/minified.js]
[static.parastorage.com/unpkg/focus-within-polyfill@5.0.9/dist/focus-within-polyfill.js]
[speakupscholarsorg.wixsite.com/c.3.delayed]
[speakupscholarsorg.wixsite.com/t.4.delayed]
[backblue.gif]
[fade.gif]
[index.html]
[static.parastorage.com/services/events-viewer/1.3704.0/client-viewer/180.chunk.min.js]
[speakupscholarsorg.wixsite.com/index.html]
[static.parastorage.com/services/events-viewer/1.3704.0/client-viewer/524.chunk.min.js]
[static.parastorage.com/services/events-viewer/1.3704.0/client-viewer/SingleEvent.chunk.min.js]
[static.parastorage.com/services/form-app/1.1938.0/client-viewer/9473.chunk.min.js]
[static.parastorage.com/services/form-app/1.1938.0/client-viewer/form-app-contacts-subscribe.chunk.min.js]
[static.parastorage.com/services/form-app/1.1938.0/client-viewer/1693.chunk.min.js]
[static.parastorage.com/services/form-app/1.1938.0/client-viewer/form-app-wix-ricos-viewer.chunk.min.js]
[speakupscholarsorg.wixsite.com/speakup-scholars/About-Us.html]
[speakupscholarsorg.wixsite.com/speakup-scholars/Get-Involved.html]
[speakupscholarsorg.wixsite.com/speakup-scholars/Contact.html]
[speakupscholarsorg.wixsite.com/speakup-scholars/Gallery.html]
[speakupscholarsorg.wixsite.com/speakup-scholars/FAQ.html]
[static.wixstatic.com/media/391879_1f976263bca441df80eae85732beed05_mv2.jpg]
[static.wixstatic.com/media/391879_68b6380eab6142398673b8383b296ad0_mv2.png/v1/fill/w_49,h_28,al_c,q_85,usm_0.66_1.00_0.01,blur_2,enc_auto/391879_68b6380eab6142398673b8383b296ad0_mv2.png]
[speakupscholarsorg.wixsite.com/speakup-scholars/event-details-registration/communication-skills-masterclass-workshop.html]
[static.wixstatic.com/media/64a918_d9471de294d741f48b2e2b25d078e7a8_mv2.png/v1/fill/w_24,h_24,al_c,q_85,usm_0.66_1.00_0.01,enc_avif,quality_auto/64a918_d9471de294d741f48b2e2b25d078e7a8_mv2.png]
[static.wixstatic.com/media/64a918_8f522ffdce4e48b09136b1486bb2822a_mv2.png/v1/fill/w_24,h_24,al_c,q_85,usm_0.66_1.00_0.01,enc_avif,quality_auto/64a918_8f522ffdce4e48b09136b1486bb2822a_mv2.png]
[static.wixstatic.com/media/2e2a49_e38ff9c38b8e41bb8422e115dc67df4a_mv2.png/v1/fill/w_24,h_24,al_c,q_85,usm_0.66_1.00_0.01,enc_avif,quality_auto/2e2a49_e38ff9c38b8e41bb8422e115dc67df4a_mv2.png]
[static.wixstatic.com/media/2e2a49_aaa72a7b672b4ade9ee8643cee872256_mv2.png/v1/fill/w_24,h_24,al_c,q_85,usm_0.66_1.00_0.01,enc_avif,quality_auto/2e2a49_aaa72a7b672b4ade9ee8643cee872256_mv2.png]
[browser.sentry-cdn.com/7.120.3/bundle.tracing.es5.min.js]
[browser.sentry-cdn.com/7.120.3/modulemetadata.es5.min.js]
[speakupscholarsorg.wixsite.com/sitemap.1b.delayed]
[speakupscholarsorg.wixsite.com/api/index.html]
[speakupscholarsorg.wixsite.com/envelope/index.html]
[speakupscholarsorg.wixsite.com/feed.1c.delayed]
[static.parastorage.com/services/wix-thunderbolt/dist/thunderbolt-commons.2b3e5997.bundle.min.js]
[static.parastorage.com/services/wix-thunderbolt/dist/main.aa12a617.bundle.min.js]
[static.parastorage.com/services/wix-thunderbolt/dist/main.renderer.f600e767.bundle.min.js]
[static.parastorage.com/unpkg/lodash@4.17.21/lodash.min.js]
[static.parastorage.com/unpkg/react@18.3.1/umd/react.production.min.js]
[static.parastorage.com/unpkg/react-dom@18.3.1/umd/react-dom.production.min.js]
[static.parastorage.com/services/wix-thunderbolt/dist/browser-deprecation.bundle.es5.js]
[speakupscholarsorg.wixsite.com/decodeURIComponent(e.24.delayed]
[speakupscholarsorg.wixsite.com/speakup-scholars.html]
[speakupscholarsorg.wixsite.com/c.html]
[speakupscholarsorg.wixsite.com/t.html]
[speakupscholarsorg.wixsite.com/index.html]
[static.parastorage.com/services/tag-manager-client/1.920.0/siteTags.bundle.min.js]
[speakupscholarsorg.wixsite.com/speakup-scholars/c.26.delayed]
[speakupscholarsorg.wixsite.com/speakup-scholars/t.27.delayed]
[speakupscholarsorg.wixsite.com/speakup-scholars/robots.2c.delayed]
[speakupscholarsorg.wixsite.com/speakup-scholars/sitemap.xml]
[speakupscholarsorg.wixsite.com/speakup-scholars/feed.2e.delayed]
[speakupscholarsorg.wixsite.com/speakup-scholars/decodeURIComponent(e.2f.delayed]
[speakupscholarsorg.wixsite.com/speakup-scholars/About-Us.html]
[speakupscholarsorg.wixsite.com/speakup-scholars/Get-Involved.html]
[static.parastorage.com/services/form-app/1.1938.0/client-viewer/form-app-text-area.chunk.min.js]
[speakupscholarsorg.wixsite.com/speakup-scholars/Contact.html]
[static.parastorage.com/services/form-app/1.1938.0/FormViewerWidgetNoCss.bundle.min.js]
[speakupscholarsorg.wixsite.com/speakup-scholars/media/emptystate.85a4add5.32.delayed]
[static.wixstatic.com/media/11062b_8556233c07a147a2afe7f016df55e977_mv2.jpg/v1/fit/w_480,h_855,q_90,enc_avif,quality_auto/11062b_8556233c07a147a2afe7f016df55e977_mv2.jpg]
[static.wixstatic.com/media/11062b_17c5c524b37e4db1a24cf3a15d40c395f003.jpg/v1/fit/w_480,h_855,q_90,enc_avif,quality_auto/11062b_17c5c524b37e4db1a24cf3a15d40c395f003.jpg]
[static.wixstatic.com/media/11062b_3a6042f90a294abcba8f622ade919ee9_mv2.jpg/v1/fit/w_480,h_855,q_90,enc_avif,quality_auto/11062b_3a6042f90a294abcba8f622ade919ee9_mv2.jpg]
[static.wixstatic.com/media/9687b5_7532aa7dd74b4f838e237b5618f789f1_mv2.jpg/v1/fill/w_480,h_855,fp_0.49_0.44,q_90,enc_avif,quality_auto/9687b5_7532aa7dd74b4f838e237b5618f789f1_mv2.jpg]
[static.wixstatic.com/media/11062b_ed6ccfc00e6b470484e601030e5d245c_mv2.jpeg/v1/fill/w_480,h_855,fp_0.32_0.38,q_90,enc_avif,quality_auto/11062b_ed6ccfc00e6b470484e601030e5d245c_mv2.jpg]
[static.wixstatic.com/media/11062b_89dd536b7b05464ba8a3bea76186e041_mv2.jpg/v1/fill/w_480,h_855,fp_0.74_0.36,q_90,enc_avif,quality_auto/11062b_89dd536b7b05464ba8a3bea76186e041_mv2.jpg]
[static.wixstatic.com/media/11062b_2f4531fd854240c9ac193167912304da_mv2.jpeg/v1/fill/w_480,h_855,fp_0.62_0.31,q_90,enc_avif,quality_auto/11062b_2f4531fd854240c9ac193167912304da_mv2.jpg]
[static.wixstatic.com/media/11062b_8709d0e9bbc8424ea2cd4827cb81a33cf003.jpg/v1/fit/w_480,h_855,q_90,enc_avif,quality_auto/11062b_8709d0e9bbc8424ea2cd4827cb81a33cf003.jpg]
[static.wixstatic.com/media/9687b5_14b649be014747a2a7230f7eb9b7322c_mv2.jpeg/v1/fit/w_480,h_855,q_90,enc_avif,quality_auto/9687b5_14b649be014747a2a7230f7eb9b7322c_mv2.jpg]
[static.wixstatic.com/media/9687b5_6d13867ef3ff4c5baa292e07a797c850_mv2.jpeg/v1/fill/w_480,h_855,fp_0.54_0.29,q_90,enc_avif,quality_auto/9687b5_6d13867ef3ff4c5baa292e07a797c850_mv2.jpg]
[static.wixstatic.com/media/11062b_5589f5732c324defa76952274b53f85a_mv2.jpg/v1/fit/w_480,h_855,q_90,enc_avif,quality_auto/11062b_5589f5732c324defa76952274b53f85a_mv2.jpg]
[speakupscholarsorg.wixsite.com/speakup-scholars/Gallery.html]
[speakupscholarsorg.wixsite.com/speakup-scholars/FAQ.html]
[static.parastorage.com/services/pro-gallery-tpa/1.1416.0/WixProGalleryViewerWidget.bundle.min.js]
[speakupscholarsorg.wixsite.com/speakup-scholars/event-details-registration/c.html]
[speakupscholarsorg.wixsite.com/speakup-scholars/event-details-registration/t.html]
[static.parastorage.com/services/events-details-page/1.427.0/client-viewer/728.chunk.min.js]
[static.parastorage.com/services/events-details-page/1.427.0/client-viewer/8488.chunk.min.js]
[static.parastorage.com/services/events-details-page/1.427.0/client-viewer/6309.chunk.min.js]
[static.parastorage.com/services/events-details-page/1.427.0/client-viewer/2870.chunk.min.js]
[static.parastorage.com/services/events-details-page/1.427.0/client-viewer/4259.chunk.min.js]
[static.parastorage.com/services/events-details-page/1.427.0/client-viewer/tickets-picker.chunk.min.js]
[speakupscholarsorg.wixsite.com/speakup-scholars/event-details-registration/robots.html]
[speakupscholarsorg.wixsite.com/speakup-scholars/event-details-registration/sitemap.48.delayed]
[speakupscholarsorg.wixsite.com/speakup-scholars/event-details-registration/feed.49.delayed]
[static.parastorage.com/services/events-details-page/1.427.0/details-pageViewerWidgetNoCss.bundle.min.js]
[speakupscholarsorg.wixsite.com/speakup-scholars/event-details-registration/communication-skills-masterclass-workshop.html]
[static.wixstatic.com/media/https_/static.wixstatic.com/media/391879_36beafb4a3324c89b624475fa08dfd9c_mv2.jpg]
[speakupscholarsorg.wixsite.com/api/index.html]
[speakupscholarsorg.wixsite.com/envelope/index.html]
[speakupscholarsorg.wixsite.com/sitemap.html]
[speakupscholarsorg.wixsite.com/feed.html]
[speakupscholarsorg.wixsite.com/decodeURIComponent(e.html]
[speakupscholarsorg.wixsite.com/speakup-scholars/c.html]
[speakupscholarsorg.wixsite.com/speakup-scholars/t.html]
[static.wixstatic.com/media/https_/static.wixstatic.com/media/391879_d15b0c5058ef45b8a8463c5ec9407400_mv2.jpg]
[static.wixstatic.com/media/https_/static.wixstatic.com/media/391879_fe94eb661e904fa4ae2dcb3371bb8eb5_mv2.jpg]
[static.wixstatic.com/media/https_/static.wixstatic.com/media/391879_5f2046f614b84cecbbb7302c55ecd33e_mv2.jpg]
[static.wixstatic.com/media/https_/static.wixstatic.com/media/391879_3295ca176c9442909e267be4653e50f7_mv2.jpg]
[speakupscholarsorg.wixsite.com/speakup-scholars/robots.html]
[speakupscholarsorg.wixsite.com/speakup-scholars/feed.html]
[speakupscholarsorg.wixsite.com/speakup-scholars/decodeURIComponent(e.html]
[speakupscholarsorg.wixsite.com/speakup-scholars/media/emptystate.85a4add5.html]
[speakupscholarsorg.wixsite.com/speakup-scholars/event-details-registration/c.html]
[speakupscholarsorg.wixsite.com/speakup-scholars/event-details-registration/t.html]
[speakupscholarsorg.wixsite.com/speakup-scholars/event-details-registration/robots.html]
[speakupscholarsorg.wixsite.com/speakup-scholars/event-details-registration/sitemap.html]
[speakupscholarsorg.wixsite.com/speakup-scholars/event-details-registration/feed.html]
[speakupscholarsorg.wixsite.com/speakup-scholars/event-details-registration/decodeURIComponent(e.html]
[speakupscholarsorg.wixsite.com/speakup-scholars/event-details-registration/decodeURIComponent(e.html]
